#include <stdint.h>
#include <stdio.h>

static int64_t go_fib(int64_t arg_n);

static int64_t go_fib(int64_t arg_n) {
  bb0: {
    int64_t tmp_0 = arg_n < 2;
    if (tmp_0) goto bb1; else goto bb2;
  }
  bb1: {
    return arg_n;
  }
  bb2: {
    int64_t tmp_1 = arg_n - 1;
    int64_t tmp_2 = go_fib(tmp_1);
    int64_t tmp_3 = arg_n - 2;
    int64_t tmp_4 = go_fib(tmp_3);
    int64_t tmp_5 = tmp_2 + tmp_4;
    return tmp_5;
  }
}

int main(void) {
  bb0: {
    int64_t tmp_0 = go_fib(10);
    printf("%lld\n", (long long)tmp_0);
    return 0;
  }
}
