#include <stdint.h>
#include <stdio.h>

static int64_t go_fib(int64_t arg_n);

static int64_t go_fib(int64_t arg_n) {
  int64_t slot_0;
  bb0: {
    slot_0 = arg_n;
    int64_t tmp_0 = slot_0;
    int64_t tmp_1 = tmp_0 < 2;
    if (tmp_1) goto bb1; else goto bb2;
  }
  bb1: {
    int64_t tmp_2 = slot_0;
    return tmp_2;
  }
  bb2: {
    int64_t tmp_3 = slot_0;
    int64_t tmp_4 = tmp_3 - 1;
    int64_t tmp_5 = go_fib(tmp_4);
    int64_t tmp_6 = slot_0;
    int64_t tmp_7 = tmp_6 - 2;
    int64_t tmp_8 = go_fib(tmp_7);
    int64_t tmp_9 = tmp_5 + tmp_8;
    return tmp_9;
  }
}

int main(void) {
  bb0: {
    int64_t tmp_0 = go_fib(10);
    printf("%lld\n", (long long)tmp_0);
    return 0;
  }
}
