@.int_format = private unnamed_addr constant [6 x i8] c"%lld\0A\00"

declare i32 @printf(ptr, ...)

define internal i64 @go_choose(i64 %arg0) {
bb0:
  %v0 = icmp slt i64 %arg0, 2
  br i1 %v0, label %bb1, label %bb2

bb1:
  ret i64 7

bb2:
  %v1 = add i64 %arg0, 1
  ret i64 %v1
}

define i32 @main() {
bb0:
  %v0 = call i64 @go_choose(i64 1)
  %v1 = call i64 @go_choose(i64 2)
  %v2 = add i64 %v0, %v1
  call i32 (ptr, ...) @printf(ptr @.int_format, i64 %v2)
  ret i32 0
}
