#include <stdint.h>
#include <stdio.h>

static int64_t go_bump(int64_t arg_n);
static int64_t go_sum(int64_t arg_n);

static int64_t go_bump(int64_t arg_n) {
  int64_t slot_0;
  bb0: {
    slot_0 = arg_n;
    int64_t tmp_0 = slot_0;
    int64_t tmp_1 = (int64_t)((uint64_t)tmp_0 + (uint64_t)1);
    return tmp_1;
  }
}

static int64_t go_sum(int64_t arg_n) {
  int64_t slot_0;
  bb0: {
    slot_0 = arg_n;
    int64_t tmp_0 = slot_0;
    int64_t tmp_1 = tmp_0 < 2;
    if (tmp_1) goto bb1; else goto bb2;
  }
  bb1: {
    int64_t tmp_2 = slot_0;
    int64_t tmp_3 = go_bump(tmp_2);
    return tmp_3;
  }
  bb2: {
    int64_t tmp_4 = slot_0;
    int64_t tmp_5 = go_bump(tmp_4);
    int64_t tmp_6 = slot_0;
    int64_t tmp_7 = (int64_t)((uint64_t)tmp_6 - (uint64_t)1);
    int64_t tmp_8 = go_sum(tmp_7);
    int64_t tmp_9 = (int64_t)((uint64_t)tmp_5 + (uint64_t)tmp_8);
    return tmp_9;
  }
}

int main(void) {
  bb0: {
    int64_t tmp_0 = go_sum(5);
    printf("%lld\n", (long long)tmp_0);
    return 0;
  }
}
