#include <stdint.h>
#include <stdio.h>

static int64_t go_bump(int64_t arg_n);
static int64_t go_sum(int64_t arg_n);

static int64_t go_bump(int64_t arg_n) {
  bb0: {
    int64_t tmp_0 = arg_n + 1;
    return tmp_0;
  }
}

static int64_t go_sum(int64_t arg_n) {
  bb0: {
    int64_t tmp_0 = arg_n < 2;
    if (tmp_0) goto bb1; else goto bb2;
  }
  bb1: {
    int64_t tmp_1 = go_bump(arg_n);
    return tmp_1;
  }
  bb2: {
    int64_t tmp_2 = go_bump(arg_n);
    int64_t tmp_3 = arg_n - 1;
    int64_t tmp_4 = go_sum(tmp_3);
    int64_t tmp_5 = tmp_2 + tmp_4;
    return tmp_5;
  }
}

int main(void) {
  bb0: {
    int64_t tmp_0 = go_sum(5);
    printf("%lld\n", (long long)tmp_0);
    return 0;
  }
}
