#include <stdint.h>
#include <stdio.h>

static void go_f(void);
static void go_show(int64_t arg_n);

static void go_f(void) {
  bb0: {
    printf("%lld\n", (long long)1);
    return;
  }
}

static void go_show(int64_t arg_n) {
  int64_t slot_0;
  bb0: {
    slot_0 = arg_n;
    int64_t tmp_0 = slot_0;
    printf("%lld\n", (long long)tmp_0);
    return;
  }
}

int main(void) {
  bb0: {
    go_f();
    go_show(2);
    return 0;
  }
}
